
Error: http://127.0.0.1:4173/quarterless/ is already used, make sure that nothing is running on the port/url or set reuseExistingServer:true in config.webServer.


